==STAGE 0============================
Number of distinct events: 5
Number of distinct traces: 6
Total number of events: 170
Total number of traces: 34
Most frequent trace frequency: 6
aBCcD
aBDCc
aBDcC
aBcCD
B = 34
C = 34
D = 34
a = 34
c = 34
==STAGE 1============================
         B    C    D    a    c
    B    0   11   12    0   11
    C    0    0   11    0   12
    D    0   11    0    0   11
    a   34    0    0    0    0
    c    0   12   11    0    0
-------------------------------------
